[debug] [2026-04-27T06:53:57.069Z] ----------------------------------------------------------------------
[debug] [2026-04-27T06:53:57.073Z] Command:       C:\Program Files\nodejs\node.exe C:\Users\Sanskar\AppData\Local\npm-cache\_npx\7750544ccf494d8b\node_modules\firebase-tools\lib\bin\firebase.js emulators:start --only functions
[debug] [2026-04-27T06:53:57.074Z] CLI Version:   15.15.0
[debug] [2026-04-27T06:53:57.074Z] Platform:      win32
[debug] [2026-04-27T06:53:57.075Z] Node Version:  v22.21.0
[debug] [2026-04-27T06:53:57.078Z] Time:          Mon Apr 27 2026 12:23:57 GMT+0530 (India Standard Time)
[debug] [2026-04-27T06:53:57.079Z] ----------------------------------------------------------------------
[debug] 
[debug] [2026-04-27T06:53:57.083Z] >>> [apiv2][query] GET https://firebase-public.firebaseio.com/cli.json [none]
[debug] [2026-04-27T06:53:59.401Z] > command requires scopes: ["email","openid","https://www.googleapis.com/auth/cloudplatformprojects.readonly","https://www.googleapis.com/auth/firebase","https://www.googleapis.com/auth/cloud-platform"]
[debug] Failed to authenticate, have you run firebase login?
[warn] !  emulators: You are not currently authenticated so some features may not work correctly. Please run firebase login to authenticate the CLI. 
[info] i  emulators: Starting emulators: functions {"metadata":{"emulator":{"name":"hub"},"message":"Starting emulators: functions"}}
[info] i  emulators: Detected demo project ID "demo-no-project", emulated services will use a demo configuration and attempts to access non-emulated services for this project will fail. {"metadata":{"emulator":{"name":"hub"},"message":"Detected demo project ID \"demo-no-project\", emulated services will use a demo configuration and attempts to access non-emulated services for this project will fail."}}
[debug] [2026-04-27T06:53:59.449Z] [logging] Logging Emulator only supports listening on one address (127.0.0.1). Not listening on ::1
[debug] [2026-04-27T06:53:59.449Z] assigned listening specs for emulators {"user":{"hub":[{"address":"127.0.0.1","family":"IPv4","port":4400},{"address":"::1","family":"IPv6","port":4400}],"ui":[{"address":"127.0.0.1","family":"IPv4","port":4000},{"address":"::1","family":"IPv6","port":4000}],"logging":[{"address":"127.0.0.1","family":"IPv4","port":4500}]},"metadata":{"message":"assigned listening specs for emulators"}}
[debug] [2026-04-27T06:53:59.457Z] Write emulator hub locator at C:\Users\Sanskar\AppData\Local\Temp\hub-demo-no-project.json
[debug] [2026-04-27T06:53:59.473Z] [functions] Functions Emulator only supports listening on one address (127.0.0.1). Not listening on ::1
[debug] [2026-04-27T06:53:59.474Z] [eventarc] Eventarc Emulator only supports listening on one address (127.0.0.1). Not listening on ::1
[debug] [2026-04-27T06:53:59.474Z] [tasks] Cloud Tasks Emulator only supports listening on one address (127.0.0.1). Not listening on ::1
[debug] [2026-04-27T06:53:59.474Z] late-assigned ports for functions and eventarc emulators {"user":{"hub":[{"address":"127.0.0.1","family":"IPv4","port":4400},{"address":"::1","family":"IPv6","port":4400}],"ui":[{"address":"127.0.0.1","family":"IPv4","port":4000},{"address":"::1","family":"IPv6","port":4000}],"logging":[{"address":"127.0.0.1","family":"IPv4","port":4500}],"functions":[{"address":"127.0.0.1","family":"IPv4","port":5001}],"eventarc":[{"address":"127.0.0.1","family":"IPv4","port":9299}],"tasks":[{"address":"127.0.0.1","family":"IPv4","port":9499}]},"metadata":{"message":"late-assigned ports for functions and eventarc emulators"}}
[info] i  ui: downloading ui-v1.15.0.zip... {"metadata":{"emulator":{"name":"ui"},"message":"downloading ui-v1.15.0.zip..."}}
[debug] [2026-04-27T06:53:59.506Z] >>> [apiv2][query] GET https://storage.googleapis.com/firebase-preview-drop/emulator/ui-v1.15.0.zip 
[debug] [2026-04-27T06:53:59.566Z] <<< [apiv2][status] GET https://storage.googleapis.com/firebase-preview-drop/emulator/ui-v1.15.0.zip 200
[debug] [2026-04-27T06:53:59.567Z] <<< [apiv2][body] GET https://storage.googleapis.com/firebase-preview-drop/emulator/ui-v1.15.0.zip [stream]
[debug] [2026-04-27T06:54:00.205Z] <<< [apiv2][status] GET https://firebase-public.firebaseio.com/cli.json 200
[debug] [2026-04-27T06:54:00.206Z] <<< [apiv2][body] GET https://firebase-public.firebaseio.com/cli.json {"cloudBuildErrorAfter":1594252800000,"cloudBuildWarnAfter":1590019200000,"defaultNode10After":1594252800000,"minVersion":"3.0.5","node8DeploysDisabledAfter":1613390400000,"node8RuntimeDisabledAfter":1615809600000,"node8WarnAfter":1600128000000}
[debug] [2026-04-27T06:54:01.993Z] Data is 3538469
[debug] [2026-04-27T06:54:01.993Z] [unzip] Entry: client/ (compressed_size=0 bytes, uncompressed_size=0 bytes)
[debug] [2026-04-27T06:54:01.993Z] [unzip] Processing entry: client\
[debug] [2026-04-27T06:54:01.993Z] [unzip] mkdir: C:\Users\Sanskar\.cache\firebase\emulators\ui-v1.15.0\client\
[debug] [2026-04-27T06:54:01.994Z] [unzip] Entry: client/favicon-16x16.png (compressed_size=293 bytes, uncompressed_size=293 bytes)
[debug] [2026-04-27T06:54:01.995Z] [unzip] Processing entry: client\favicon-16x16.png
[debug] [2026-04-27T06:54:01.995Z] [unzip] else mkdir: C:\Users\Sanskar\.cache\firebase\emulators\ui-v1.15.0\client
[debug] [2026-04-27T06:54:01.995Z] [unzip] Writing file: C:\Users\Sanskar\.cache\firebase\emulators\ui-v1.15.0\client\favicon-16x16.png
[debug] [2026-04-27T06:54:01.997Z] [unzip] Entry: client/safari-pinned-tab.svg (compressed_size=1433 bytes, uncompressed_size=2611 bytes)
[debug] [2026-04-27T06:54:01.997Z] [unzip] Processing entry: client\safari-pinned-tab.svg
[debug] [2026-04-27T06:54:01.997Z] [unzip] else mkdir: C:\Users\Sanskar\.cache\firebase\emulators\ui-v1.15.0\client
[debug] [2026-04-27T06:54:01.998Z] [unzip] deflating: C:\Users\Sanskar\.cache\firebase\emulators\ui-v1.15.0\client\safari-pinned-tab.svg
[debug] [2026-04-27T06:54:02.003Z] [unzip] Entry: client/favicon.ico (compressed_size=2933 bytes, uncompressed_size=13294 bytes)
[debug] [2026-04-27T06:54:02.003Z] [unzip] Processing entry: client\favicon.ico
[debug] [2026-04-27T06:54:02.003Z] [unzip] else mkdir: C:\Users\Sanskar\.cache\firebase\emulators\ui-v1.15.0\client
[debug] [2026-04-27T06:54:02.003Z] [unzip] deflating: C:\Users\Sanskar\.cache\firebase\emulators\ui-v1.15.0\client\favicon.ico
[debug] [2026-04-27T06:54:02.007Z] [unzip] Entry: client/index.html (compressed_size=1364 bytes, uncompressed_size=3071 bytes)
[debug] [2026-04-27T06:54:02.007Z] [unzip] Processing entry: client\index.html
[debug] [2026-04-27T06:54:02.007Z] [unzip] else mkdir: C:\Users\Sanskar\.cache\firebase\emulators\ui-v1.15.0\client
[debug] [2026-04-27T06:54:02.007Z] [unzip] deflating: C:\Users\Sanskar\.cache\firebase\emulators\ui-v1.15.0\client\index.html
[debug] [2026-04-27T06:54:02.009Z] [unzip] Entry: client/android-chrome-192x192.png (compressed_size=2684 bytes, uncompressed_size=2684 bytes)
[debug] [2026-04-27T06:54:02.009Z] [unzip] Processing entry: client\android-chrome-192x192.png
[debug] [2026-04-27T06:54:02.009Z] [unzip] else mkdir: C:\Users\Sanskar\.cache\firebase\emulators\ui-v1.15.0\client
[debug] [2026-04-27T06:54:02.009Z] [unzip] Writing file: C:\Users\Sanskar\.cache\firebase\emulators\ui-v1.15.0\client\android-chrome-192x192.png
[debug] [2026-04-27T06:54:02.010Z] [unzip] Entry: client/apple-touch-icon.png (compressed_size=2123 bytes, uncompressed_size=2152 bytes)
[debug] [2026-04-27T06:54:02.010Z] [unzip] Processing entry: client\apple-touch-icon.png
[debug] [2026-04-27T06:54:02.011Z] [unzip] else mkdir: C:\Users\Sanskar\.cache\firebase\emulators\ui-v1.15.0\client
[debug] [2026-04-27T06:54:02.011Z] [unzip] deflating: C:\Users\Sanskar\.cache\firebase\emulators\ui-v1.15.0\client\apple-touch-icon.png
[debug] [2026-04-27T06:54:02.013Z] [unzip] Entry: client/android-chrome-512x512.png (compressed_size=5369 bytes, uncompressed_size=5411 bytes)
[debug] [2026-04-27T06:54:02.013Z] [unzip] Processing entry: client\android-chrome-512x512.png
[debug] [2026-04-27T06:54:02.013Z] [unzip] else mkdir: C:\Users\Sanskar\.cache\firebase\emulators\ui-v1.15.0\client
[debug] [2026-04-27T06:54:02.013Z] [unzip] deflating: C:\Users\Sanskar\.cache\firebase\emulators\ui-v1.15.0\client\android-chrome-512x512.png
[debug] [2026-04-27T06:54:02.016Z] [unzip] Entry: client/manifest.json (compressed_size=245 bytes, uncompressed_size=551 bytes)
[debug] [2026-04-27T06:54:02.016Z] [unzip] Processing entry: client\manifest.json
[debug] [2026-04-27T06:54:02.016Z] [unzip] else mkdir: C:\Users\Sanskar\.cache\firebase\emulators\ui-v1.15.0\client
[debug] [2026-04-27T06:54:02.016Z] [unzip] deflating: C:\Users\Sanskar\.cache\firebase\emulators\ui-v1.15.0\client\manifest.json
[debug] [2026-04-27T06:54:02.018Z] [unzip] Entry: client/robots.txt (compressed_size=26 bytes, uncompressed_size=26 bytes)
[debug] [2026-04-27T06:54:02.018Z] [unzip] Processing entry: client\robots.txt
[debug] [2026-04-27T06:54:02.018Z] [unzip] else mkdir: C:\Users\Sanskar\.cache\firebase\emulators\ui-v1.15.0\client
[debug] [2026-04-27T06:54:02.019Z] [unzip] Writing file: C:\Users\Sanskar\.cache\firebase\emulators\ui-v1.15.0\client\robots.txt
[debug] [2026-04-27T06:54:02.020Z] [unzip] Entry: client/mstile-150x150.png (compressed_size=2034 bytes, uncompressed_size=2034 bytes)
[debug] [2026-04-27T06:54:02.020Z] [unzip] Processing entry: client\mstile-150x150.png
[debug] [2026-04-27T06:54:02.021Z] [unzip] else mkdir: C:\Users\Sanskar\.cache\firebase\emulators\ui-v1.15.0\client
[debug] [2026-04-27T06:54:02.021Z] [unzip] Writing file: C:\Users\Sanskar\.cache\firebase\emulators\ui-v1.15.0\client\mstile-150x150.png
[debug] [2026-04-27T06:54:02.024Z] [unzip] Entry: client/assets/ (compressed_size=0 bytes, uncompressed_size=0 bytes)
[debug] [2026-04-27T06:54:02.024Z] [unzip] Processing entry: client\assets\
[debug] [2026-04-27T06:54:02.024Z] [unzip] mkdir: C:\Users\Sanskar\.cache\firebase\emulators\ui-v1.15.0\client\assets\
[debug] [2026-04-27T06:54:02.025Z] [unzip] Entry: client/assets/index-BX-A56oj.js (compressed_size=582089 bytes, uncompressed_size=2092775 bytes)
[debug] [2026-04-27T06:54:02.025Z] [unzip] Processing entry: client\assets\index-BX-A56oj.js
[debug] [2026-04-27T06:54:02.025Z] [unzip] else mkdir: C:\Users\Sanskar\.cache\firebase\emulators\ui-v1.15.0\client\assets
[debug] [2026-04-27T06:54:02.025Z] [unzip] deflating: C:\Users\Sanskar\.cache\firebase\emulators\ui-v1.15.0\client\assets\index-BX-A56oj.js
[debug] [2026-04-27T06:54:02.039Z] [unzip] Entry: client/assets/index-CjB9C900.css (compressed_size=35979 bytes, uncompressed_size=298654 bytes)
[debug] [2026-04-27T06:54:02.039Z] [unzip] Processing entry: client\assets\index-CjB9C900.css
[debug] [2026-04-27T06:54:02.039Z] [unzip] else mkdir: C:\Users\Sanskar\.cache\firebase\emulators\ui-v1.15.0\client\assets
[debug] [2026-04-27T06:54:02.040Z] [unzip] deflating: C:\Users\Sanskar\.cache\firebase\emulators\ui-v1.15.0\client\assets\index-CjB9C900.css
[debug] [2026-04-27T06:54:02.045Z] [unzip] Entry: client/assets/index-BX-A56oj.js.map (compressed_size=2362482 bytes, uncompressed_size=10036679 bytes)
[debug] [2026-04-27T06:54:02.045Z] [unzip] Processing entry: client\assets\index-BX-A56oj.js.map
[debug] [2026-04-27T06:54:02.045Z] [unzip] else mkdir: C:\Users\Sanskar\.cache\firebase\emulators\ui-v1.15.0\client\assets
[debug] [2026-04-27T06:54:02.045Z] [unzip] deflating: C:\Users\Sanskar\.cache\firebase\emulators\ui-v1.15.0\client\assets\index-BX-A56oj.js.map
[debug] [2026-04-27T06:54:02.089Z] [unzip] Entry: client/assets/extensions/ (compressed_size=0 bytes, uncompressed_size=0 bytes)
[debug] [2026-04-27T06:54:02.089Z] [unzip] Processing entry: client\assets\extensions\
[debug] [2026-04-27T06:54:02.089Z] [unzip] mkdir: C:\Users\Sanskar\.cache\firebase\emulators\ui-v1.15.0\client\assets\extensions\
[debug] [2026-04-27T06:54:02.090Z] [unzip] Entry: client/assets/extensions/default-extension.png (compressed_size=1646 bytes, uncompressed_size=1657 bytes)
[debug] [2026-04-27T06:54:02.090Z] [unzip] Processing entry: client\assets\extensions\default-extension.png
[debug] [2026-04-27T06:54:02.090Z] [unzip] else mkdir: C:\Users\Sanskar\.cache\firebase\emulators\ui-v1.15.0\client\assets\extensions
[debug] [2026-04-27T06:54:02.090Z] [unzip] deflating: C:\Users\Sanskar\.cache\firebase\emulators\ui-v1.15.0\client\assets\extensions\default-extension.png
[debug] [2026-04-27T06:54:02.093Z] [unzip] Entry: client/assets/img/ (compressed_size=0 bytes, uncompressed_size=0 bytes)
[debug] [2026-04-27T06:54:02.093Z] [unzip] Processing entry: client\assets\img\
[debug] [2026-04-27T06:54:02.093Z] [unzip] mkdir: C:\Users\Sanskar\.cache\firebase\emulators\ui-v1.15.0\client\assets\img\
[debug] [2026-04-27T06:54:02.093Z] [unzip] Entry: client/assets/img/database.png (compressed_size=29449 bytes, uncompressed_size=29988 bytes)
[debug] [2026-04-27T06:54:02.094Z] [unzip] Processing entry: client\assets\img\database.png
[debug] [2026-04-27T06:54:02.094Z] [unzip] else mkdir: C:\Users\Sanskar\.cache\firebase\emulators\ui-v1.15.0\client\assets\img
[debug] [2026-04-27T06:54:02.094Z] [unzip] deflating: C:\Users\Sanskar\.cache\firebase\emulators\ui-v1.15.0\client\assets\img\database.png
[debug] [2026-04-27T06:54:02.096Z] [unzip] Entry: client/assets/provider-icons/ (compressed_size=0 bytes, uncompressed_size=0 bytes)
[debug] [2026-04-27T06:54:02.096Z] [unzip] Processing entry: client\assets\provider-icons\
[debug] [2026-04-27T06:54:02.096Z] [unzip] mkdir: C:\Users\Sanskar\.cache\firebase\emulators\ui-v1.15.0\client\assets\provider-icons\
[debug] [2026-04-27T06:54:02.096Z] [unzip] Entry: client/assets/provider-icons/auth_service_saml.svg (compressed_size=575 bytes, uncompressed_size=1226 bytes)
[debug] [2026-04-27T06:54:02.097Z] [unzip] Processing entry: client\assets\provider-icons\auth_service_saml.svg
[debug] [2026-04-27T06:54:02.097Z] [unzip] else mkdir: C:\Users\Sanskar\.cache\firebase\emulators\ui-v1.15.0\client\assets\provider-icons
[debug] [2026-04-27T06:54:02.097Z] [unzip] deflating: C:\Users\Sanskar\.cache\firebase\emulators\ui-v1.15.0\client\assets\provider-icons\auth_service_saml.svg
[debug] [2026-04-27T06:54:02.098Z] [unzip] Entry: client/assets/provider-icons/auth_service_phone.svg (compressed_size=261 bytes, uncompressed_size=414 bytes)
[debug] [2026-04-27T06:54:02.098Z] [unzip] Processing entry: client\assets\provider-icons\auth_service_phone.svg
[debug] [2026-04-27T06:54:02.098Z] [unzip] else mkdir: C:\Users\Sanskar\.cache\firebase\emulators\ui-v1.15.0\client\assets\provider-icons
[debug] [2026-04-27T06:54:02.099Z] [unzip] deflating: C:\Users\Sanskar\.cache\firebase\emulators\ui-v1.15.0\client\assets\provider-icons\auth_service_phone.svg
[debug] [2026-04-27T06:54:02.099Z] [unzip] Entry: client/assets/provider-icons/auth_service_facebook.svg (compressed_size=289 bytes, uncompressed_size=457 bytes)
[debug] [2026-04-27T06:54:02.100Z] [unzip] Processing entry: client\assets\provider-icons\auth_service_facebook.svg
[debug] [2026-04-27T06:54:02.100Z] [unzip] else mkdir: C:\Users\Sanskar\.cache\firebase\emulators\ui-v1.15.0\client\assets\provider-icons
[debug] [2026-04-27T06:54:02.100Z] [unzip] deflating: C:\Users\Sanskar\.cache\firebase\emulators\ui-v1.15.0\client\assets\provider-icons\auth_service_facebook.svg
[debug] [2026-04-27T06:54:02.101Z] [unzip] Entry: client/assets/provider-icons/auth_service_game_center.svg (compressed_size=991 bytes, uncompressed_size=3921 bytes)
[debug] [2026-04-27T06:54:02.101Z] [unzip] Processing entry: client\assets\provider-icons\auth_service_game_center.svg
[debug] [2026-04-27T06:54:02.101Z] [unzip] else mkdir: C:\Users\Sanskar\.cache\firebase\emulators\ui-v1.15.0\client\assets\provider-icons
[debug] [2026-04-27T06:54:02.101Z] [unzip] deflating: C:\Users\Sanskar\.cache\firebase\emulators\ui-v1.15.0\client\assets\provider-icons\auth_service_game_center.svg
[debug] [2026-04-27T06:54:02.102Z] [unzip] Entry: client/assets/provider-icons/auth_service_apple.svg (compressed_size=230 bytes, uncompressed_size=334 bytes)
[debug] [2026-04-27T06:54:02.102Z] [unzip] Processing entry: client\assets\provider-icons\auth_service_apple.svg
[debug] [2026-04-27T06:54:02.102Z] [unzip] else mkdir: C:\Users\Sanskar\.cache\firebase\emulators\ui-v1.15.0\client\assets\provider-icons
[debug] [2026-04-27T06:54:02.103Z] [unzip] deflating: C:\Users\Sanskar\.cache\firebase\emulators\ui-v1.15.0\client\assets\provider-icons\auth_service_apple.svg
[debug] [2026-04-27T06:54:02.103Z] [unzip] Entry: client/assets/provider-icons/auth_service_github.svg (compressed_size=466 bytes, uncompressed_size=838 bytes)
[debug] [2026-04-27T06:54:02.104Z] [unzip] Processing entry: client\assets\provider-icons\auth_service_github.svg
[debug] [2026-04-27T06:54:02.104Z] [unzip] else mkdir: C:\Users\Sanskar\.cache\firebase\emulators\ui-v1.15.0\client\assets\provider-icons
[debug] [2026-04-27T06:54:02.104Z] [unzip] deflating: C:\Users\Sanskar\.cache\firebase\emulators\ui-v1.15.0\client\assets\provider-icons\auth_service_github.svg
[debug] [2026-04-27T06:54:02.104Z] [unzip] Entry: client/assets/provider-icons/auth_service_mslive.svg (compressed_size=203 bytes, uncompressed_size=378 bytes)
[debug] [2026-04-27T06:54:02.105Z] [unzip] Processing entry: client\assets\provider-icons\auth_service_mslive.svg
[debug] [2026-04-27T06:54:02.105Z] [unzip] else mkdir: C:\Users\Sanskar\.cache\firebase\emulators\ui-v1.15.0\client\assets\provider-icons
[debug] [2026-04-27T06:54:02.105Z] [unzip] deflating: C:\Users\Sanskar\.cache\firebase\emulators\ui-v1.15.0\client\assets\provider-icons\auth_service_mslive.svg
[debug] [2026-04-27T06:54:02.106Z] [unzip] Entry: client/assets/provider-icons/auth_service_yahoo.svg (compressed_size=577 bytes, uncompressed_size=1182 bytes)
[debug] [2026-04-27T06:54:02.106Z] [unzip] Processing entry: client\assets\provider-icons\auth_service_yahoo.svg
[debug] [2026-04-27T06:54:02.106Z] [unzip] else mkdir: C:\Users\Sanskar\.cache\firebase\emulators\ui-v1.15.0\client\assets\provider-icons
[debug] [2026-04-27T06:54:02.106Z] [unzip] deflating: C:\Users\Sanskar\.cache\firebase\emulators\ui-v1.15.0\client\assets\provider-icons\auth_service_yahoo.svg
[debug] [2026-04-27T06:54:02.107Z] [unzip] Entry: client/assets/provider-icons/auth_service_twitter.svg (compressed_size=444 bytes, uncompressed_size=751 bytes)
[debug] [2026-04-27T06:54:02.107Z] [unzip] Processing entry: client\assets\provider-icons\auth_service_twitter.svg
[debug] [2026-04-27T06:54:02.107Z] [unzip] else mkdir: C:\Users\Sanskar\.cache\firebase\emulators\ui-v1.15.0\client\assets\provider-icons
[debug] [2026-04-27T06:54:02.107Z] [unzip] deflating: C:\Users\Sanskar\.cache\firebase\emulators\ui-v1.15.0\client\assets\provider-icons\auth_service_twitter.svg
[debug] [2026-04-27T06:54:02.109Z] [unzip] Entry: client/assets/provider-icons/auth_service_play_games.svg (compressed_size=565 bytes, uncompressed_size=1173 bytes)
[debug] [2026-04-27T06:54:02.109Z] [unzip] Processing entry: client\assets\provider-icons\auth_service_play_games.svg
[debug] [2026-04-27T06:54:02.109Z] [unzip] else mkdir: C:\Users\Sanskar\.cache\firebase\emulators\ui-v1.15.0\client\assets\provider-icons
[debug] [2026-04-27T06:54:02.110Z] [unzip] deflating: C:\Users\Sanskar\.cache\firebase\emulators\ui-v1.15.0\client\assets\provider-icons\auth_service_play_games.svg
[debug] [2026-04-27T06:54:02.111Z] [unzip] Entry: client/assets/provider-icons/auth_service_email.svg (compressed_size=228 bytes, uncompressed_size=326 bytes)
[debug] [2026-04-27T06:54:02.111Z] [unzip] Processing entry: client\assets\provider-icons\auth_service_email.svg
[debug] [2026-04-27T06:54:02.111Z] [unzip] else mkdir: C:\Users\Sanskar\.cache\firebase\emulators\ui-v1.15.0\client\assets\provider-icons
[debug] [2026-04-27T06:54:02.111Z] [unzip] deflating: C:\Users\Sanskar\.cache\firebase\emulators\ui-v1.15.0\client\assets\provider-icons\auth_service_email.svg
[debug] [2026-04-27T06:54:02.112Z] [unzip] Entry: client/assets/provider-icons/auth_service_google.svg (compressed_size=409 bytes, uncompressed_size=720 bytes)
[debug] [2026-04-27T06:54:02.112Z] [unzip] Processing entry: client\assets\provider-icons\auth_service_google.svg
[debug] [2026-04-27T06:54:02.112Z] [unzip] else mkdir: C:\Users\Sanskar\.cache\firebase\emulators\ui-v1.15.0\client\assets\provider-icons
[debug] [2026-04-27T06:54:02.113Z] [unzip] deflating: C:\Users\Sanskar\.cache\firebase\emulators\ui-v1.15.0\client\assets\provider-icons\auth_service_google.svg
[debug] [2026-04-27T06:54:02.114Z] [unzip] Entry: client/assets/provider-icons/auth_service_oidc.svg (compressed_size=414 bytes, uncompressed_size=858 bytes)
[debug] [2026-04-27T06:54:02.115Z] [unzip] Processing entry: client\assets\provider-icons\auth_service_oidc.svg
[debug] [2026-04-27T06:54:02.115Z] [unzip] else mkdir: C:\Users\Sanskar\.cache\firebase\emulators\ui-v1.15.0\client\assets\provider-icons
[debug] [2026-04-27T06:54:02.115Z] [unzip] deflating: C:\Users\Sanskar\.cache\firebase\emulators\ui-v1.15.0\client\assets\provider-icons\auth_service_oidc.svg
[debug] [2026-04-27T06:54:02.117Z] [unzip] Entry: client/browserconfig.xml (compressed_size=491 bytes, uncompressed_size=822 bytes)
[debug] [2026-04-27T06:54:02.117Z] [unzip] Processing entry: client\browserconfig.xml
[debug] [2026-04-27T06:54:02.117Z] [unzip] else mkdir: C:\Users\Sanskar\.cache\firebase\emulators\ui-v1.15.0\client
[debug] [2026-04-27T06:54:02.117Z] [unzip] deflating: C:\Users\Sanskar\.cache\firebase\emulators\ui-v1.15.0\client\browserconfig.xml
[debug] [2026-04-27T06:54:02.119Z] [unzip] Entry: client/favicon-32x32.png (compressed_size=475 bytes, uncompressed_size=475 bytes)
[debug] [2026-04-27T06:54:02.119Z] [unzip] Processing entry: client\favicon-32x32.png
[debug] [2026-04-27T06:54:02.119Z] [unzip] else mkdir: C:\Users\Sanskar\.cache\firebase\emulators\ui-v1.15.0\client
[debug] [2026-04-27T06:54:02.119Z] [unzip] Writing file: C:\Users\Sanskar\.cache\firebase\emulators\ui-v1.15.0\client\favicon-32x32.png
[debug] [2026-04-27T06:54:02.120Z] [unzip] Entry: server/ (compressed_size=0 bytes, uncompressed_size=0 bytes)
[debug] [2026-04-27T06:54:02.120Z] [unzip] Processing entry: server\
[debug] [2026-04-27T06:54:02.120Z] [unzip] mkdir: C:\Users\Sanskar\.cache\firebase\emulators\ui-v1.15.0\server\
[debug] [2026-04-27T06:54:02.120Z] [unzip] Entry: server/server.mjs.map (compressed_size=217845 bytes, uncompressed_size=944978 bytes)
[debug] [2026-04-27T06:54:02.120Z] [unzip] Processing entry: server\server.mjs.map
[debug] [2026-04-27T06:54:02.120Z] [unzip] else mkdir: C:\Users\Sanskar\.cache\firebase\emulators\ui-v1.15.0\server
[debug] [2026-04-27T06:54:02.120Z] [unzip] deflating: C:\Users\Sanskar\.cache\firebase\emulators\ui-v1.15.0\server\server.mjs.map
[debug] [2026-04-27T06:54:02.127Z] [unzip] Entry: server/server.mjs (compressed_size=276407 bytes, uncompressed_size=933701 bytes)
[debug] [2026-04-27T06:54:02.127Z] [unzip] Processing entry: server\server.mjs
[debug] [2026-04-27T06:54:02.127Z] [unzip] else mkdir: C:\Users\Sanskar\.cache\firebase\emulators\ui-v1.15.0\server
[debug] [2026-04-27T06:54:02.127Z] [unzip] deflating: C:\Users\Sanskar\.cache\firebase\emulators\ui-v1.15.0\server\server.mjs
[info] i  functions: Watching "D:\ASEP\ASEP2\Final Webapp\functions" for Cloud Functions... {"metadata":{"emulator":{"name":"functions"},"message":"Watching \"D:\\ASEP\\ASEP2\\Final Webapp\\functions\" for Cloud Functions..."}}
[debug] [2026-04-27T06:54:02.142Z] Validating nodejs source
[warn] !  functions: Couldn't find firebase-functions package in your source code. Have you run 'npm install'? 
[debug] [2026-04-27T06:54:02.143Z] getFunctionsSDKVersion encountered error: Cannot find module 'firebase-functions'
Require stack:
- C:\Users\Sanskar\AppData\Local\npm-cache\_npx\7750544ccf494d8b\node_modules\firebase-tools\lib\deploy\functions\runtimes\node\versioning.js
- C:\Users\Sanskar\AppData\Local\npm-cache\_npx\7750544ccf494d8b\node_modules\firebase-tools\lib\deploy\functions\runtimes\node\index.js
- C:\Users\Sanskar\AppData\Local\npm-cache\_npx\7750544ccf494d8b\node_modules\firebase-tools\lib\deploy\functions\runtimes\index.js
- C:\Users\Sanskar\AppData\Local\npm-cache\_npx\7750544ccf494d8b\node_modules\firebase-tools\lib\deploy\functions\prepare.js
- C:\Users\Sanskar\AppData\Local\npm-cache\_npx\7750544ccf494d8b\node_modules\firebase-tools\lib\emulator\functionsEmulatorShared.js
- C:\Users\Sanskar\AppData\Local\npm-cache\_npx\7750544ccf494d8b\node_modules\firebase-tools\lib\emulator\functionsEmulator.js
- C:\Users\Sanskar\AppData\Local\npm-cache\_npx\7750544ccf494d8b\node_modules\firebase-tools\lib\emulator\controller.js
- C:\Users\Sanskar\AppData\Local\npm-cache\_npx\7750544ccf494d8b\node_modules\firebase-tools\lib\commands\emulators-start.js
- C:\Users\Sanskar\AppData\Local\npm-cache\_npx\7750544ccf494d8b\node_modules\firebase-tools\lib\commands\index.js
- C:\Users\Sanskar\AppData\Local\npm-cache\_npx\7750544ccf494d8b\node_modules\firebase-tools\lib\index.js
- C:\Users\Sanskar\AppData\Local\npm-cache\_npx\7750544ccf494d8b\node_modules\firebase-tools\lib\bin\cli.js
- C:\Users\Sanskar\AppData\Local\npm-cache\_npx\7750544ccf494d8b\node_modules\firebase-tools\lib\bin\firebase.js {"code":"MODULE_NOT_FOUND","requireStack":["C:\\Users\\Sanskar\\AppData\\Local\\npm-cache\\_npx\\7750544ccf494d8b\\node_modules\\firebase-tools\\lib\\deploy\\functions\\runtimes\\node\\versioning.js","C:\\Users\\Sanskar\\AppData\\Local\\npm-cache\\_npx\\7750544ccf494d8b\\node_modules\\firebase-tools\\lib\\deploy\\functions\\runtimes\\node\\index.js","C:\\Users\\Sanskar\\AppData\\Local\\npm-cache\\_npx\\7750544ccf494d8b\\node_modules\\firebase-tools\\lib\\deploy\\functions\\runtimes\\index.js","C:\\Users\\Sanskar\\AppData\\Local\\npm-cache\\_npx\\7750544ccf494d8b\\node_modules\\firebase-tools\\lib\\deploy\\functions\\prepare.js","C:\\Users\\Sanskar\\AppData\\Local\\npm-cache\\_npx\\7750544ccf494d8b\\node_modules\\firebase-tools\\lib\\emulator\\functionsEmulatorShared.js","C:\\Users\\Sanskar\\AppData\\Local\\npm-cache\\_npx\\7750544ccf494d8b\\node_modules\\firebase-tools\\lib\\emulator\\functionsEmulator.js","C:\\Users\\Sanskar\\AppData\\Local\\npm-cache\\_npx\\7750544ccf494d8b\\node_modules\\firebase-tools\\lib\\emulator\\controller.js","C:\\Users\\Sanskar\\AppData\\Local\\npm-cache\\_npx\\7750544ccf494d8b\\node_modules\\firebase-tools\\lib\\commands\\emulators-start.js","C:\\Users\\Sanskar\\AppData\\Local\\npm-cache\\_npx\\7750544ccf494d8b\\node_modules\\firebase-tools\\lib\\commands\\index.js","C:\\Users\\Sanskar\\AppData\\Local\\npm-cache\\_npx\\7750544ccf494d8b\\node_modules\\firebase-tools\\lib\\index.js","C:\\Users\\Sanskar\\AppData\\Local\\npm-cache\\_npx\\7750544ccf494d8b\\node_modules\\firebase-tools\\lib\\bin\\cli.js","C:\\Users\\Sanskar\\AppData\\Local\\npm-cache\\_npx\\7750544ccf494d8b\\node_modules\\firebase-tools\\lib\\bin\\firebase.js"]}
[debug] [2026-04-27T06:54:02.145Z] checkFunctionsSDKVersion encountered error: Invalid Version:  {}
[debug] [2026-04-27T06:54:02.146Z] > [functions] package.json contents: {
  "name": "ecolocker-functions",
  "private": true,
  "engines": {
    "node": "20"
  },
  "main": "lib/index.js",
  "scripts": {
    "build": "tsc",
    "serve": "firebase emulators:start --only functions"
  },
  "dependencies": {
    "firebase-admin": "^12.7.0",
    "firebase-functions": "^5.1.1"
  },
  "devDependencies": {
    "typescript": "^5.6.3"
  }
}
[error] !!  functions: Failed to load function definition from source: FirebaseError: There was an error reading functions\package.json:

 functions\lib\index.js does not exist, can't deploy Cloud Functions {"metadata":{"emulator":{"name":"functions"},"message":"Failed to load function definition from source: FirebaseError: There was an error reading functions\\package.json:\n\n functions\\lib\\index.js does not exist, can't deploy Cloud Functions"}}
[debug] [2026-04-27T06:54:02.157Z] Could not find VSCode notification endpoint: FetchError: request to http://localhost:40001/vscode/notify failed, reason: . If you are not running the Firebase SQL Connect VSCode extension, this is expected and not an issue.
[info] 
┌─────────────────────────────────────────────────────────────┐
│ ✔  All emulators ready! It is now safe to connect your app. │
│ i  View Emulator UI at http://127.0.0.1:4000/               │
└─────────────────────────────────────────────────────────────┘

┌───────────┬────────────────┬─────────────────────────────────┐
│ Emulator  │ Host:Port      │ View in Emulator UI             │
├───────────┼────────────────┼─────────────────────────────────┤
│ Functions │ 127.0.0.1:5001 │ http://127.0.0.1:4000/functions │
└───────────┴────────────────┴─────────────────────────────────┘
  Emulator Hub host: 127.0.0.1 port: 4400
  Other reserved ports: 4500

Issues? Report them at https://github.com/firebase/firebase-tools/issues and attach the *-debug.log files.
 
[debug] [2026-04-27T06:54:55.208Z] Functions emulator received unknown request at path /
[debug] [2026-04-27T06:54:55.769Z] Functions emulator received unknown request at path /favicon.ico
